
> ii-vms-backend@0.2.0 dev
> tsx watch src/index.ts

[20:53:24.524] [31mERROR[39m: [36mDatabase query failed[39m
    [35mservice[39m: "ii-vms-backend"
    [35melapsedMs[39m: 30
    [35mquery[39m: "SELECT 1"
    err: {
      "type": "AggregateError",
      "message": "",
      "stack":
          AggregateError [ECONNREFUSED]: 
              at d:\Projects\QR_Based_VMS\backend\node_modules\pg-pool\index.js:45:11
              at process.processTicksAndRejections (node:internal/process/task_queues:103:5)
              at async BoundPool.pool.query (d:\Projects\QR_Based_VMS\backend\src\db\pool.ts:32:20)
              at async ensureDatabaseConnection (d:\Projects\QR_Based_VMS\backend\src\db\pool.ts:69:7)
              at async bootstrap (d:\Projects\QR_Based_VMS\backend\src\index.ts:197:3)
      "aggregateErrors": [
        {
          "type": "Error",
          "message": "connect ECONNREFUSED ::1:5434",
          "stack":
              Error: connect ECONNREFUSED ::1:5434
                  at createConnectionError (node:net:1678:14)
                  at afterConnectMultiple (node:net:1708:16)
          "errno": -4078,
          "code": "ECONNREFUSED",
          "syscall": "connect",
          "address": "::1",
          "port": 5434
        },
        {
          "type": "Error",
          "message": "connect ECONNREFUSED 127.0.0.1:5434",
          "stack":
              Error: connect ECONNREFUSED 127.0.0.1:5434
                  at createConnectionError (node:net:1678:14)
                  at afterConnectMultiple (node:net:1708:16)
          "errno": -4078,
          "code": "ECONNREFUSED",
          "syscall": "connect",
          "address": "127.0.0.1",
          "port": 5434
        }
      ],
      "code": "ECONNREFUSED"
    }
[20:53:24.529] [33mWARN[39m: [36mDatabase connection attempt 1/5 failed[39m
    [35mservice[39m: "ii-vms-backend"
    [35mattempt[39m: 1
    [35mretries[39m: 5
    err: {
      "type": "AggregateError",
      "message": "",
      "stack":
          AggregateError [ECONNREFUSED]: 
              at d:\Projects\QR_Based_VMS\backend\node_modules\pg-pool\index.js:45:11
              at process.processTicksAndRejections (node:internal/process/task_queues:103:5)
              at async BoundPool.pool.query (d:\Projects\QR_Based_VMS\backend\src\db\pool.ts:32:20)
              at async ensureDatabaseConnection (d:\Projects\QR_Based_VMS\backend\src\db\pool.ts:69:7)
              at async bootstrap (d:\Projects\QR_Based_VMS\backend\src\index.ts:197:3)
      "aggregateErrors": [
        {
          "type": "Error",
          "message": "connect ECONNREFUSED ::1:5434",
          "stack":
              Error: connect ECONNREFUSED ::1:5434
                  at createConnectionError (node:net:1678:14)
                  at afterConnectMultiple (node:net:1708:16)
          "errno": -4078,
          "code": "ECONNREFUSED",
          "syscall": "connect",
          "address": "::1",
          "port": 5434
        },
        {
          "type": "Error",
          "message": "connect ECONNREFUSED 127.0.0.1:5434",
          "stack":
              Error: connect ECONNREFUSED 127.0.0.1:5434
                  at createConnectionError (node:net:1678:14)
                  at afterConnectMultiple (node:net:1708:16)
          "errno": -4078,
          "code": "ECONNREFUSED",
          "syscall": "connect",
          "address": "127.0.0.1",
          "port": 5434
        }
      ],
      "code": "ECONNREFUSED"
    }
[20:53:26.542] [31mERROR[39m: [36mDatabase query failed[39m
    [35mservice[39m: "ii-vms-backend"
    [35melapsedMs[39m: 4
    [35mquery[39m: "SELECT 1"
    err: {
      "type": "AggregateError",
      "message": "",
      "stack":
          AggregateError [ECONNREFUSED]: 
              at d:\Projects\QR_Based_VMS\backend\node_modules\pg-pool\index.js:45:11
              at process.processTicksAndRejections (node:internal/process/task_queues:103:5)
              at async BoundPool.pool.query (d:\Projects\QR_Based_VMS\backend\src\db\pool.ts:32:20)
              at async ensureDatabaseConnection (d:\Projects\QR_Based_VMS\backend\src\db\pool.ts:69:7)
              at async bootstrap (d:\Projects\QR_Based_VMS\backend\src\index.ts:197:3)
      "aggregateErrors": [
        {
          "type": "Error",
          "message": "connect ECONNREFUSED ::1:5434",
          "stack":
              Error: connect ECONNREFUSED ::1:5434
                  at createConnectionError (node:net:1678:14)
                  at afterConnectMultiple (node:net:1708:16)
          "errno": -4078,
          "code": "ECONNREFUSED",
          "syscall": "connect",
          "address": "::1",
          "port": 5434
        },
        {
          "type": "Error",
          "message": "connect ECONNREFUSED 127.0.0.1:5434",
          "stack":
              Error: connect ECONNREFUSED 127.0.0.1:5434
                  at createConnectionError (node:net:1678:14)
                  at afterConnectMultiple (node:net:1708:16)
          "errno": -4078,
          "code": "ECONNREFUSED",
          "syscall": "connect",
          "address": "127.0.0.1",
          "port": 5434
        }
      ],
      "code": "ECONNREFUSED"
    }
[20:53:26.542] [33mWARN[39m: [36mDatabase connection attempt 2/5 failed[39m
    [35mservice[39m: "ii-vms-backend"
    [35mattempt[39m: 2
    [35mretries[39m: 5
    err: {
      "type": "AggregateError",
      "message": "",
      "stack":
          AggregateError [ECONNREFUSED]: 
              at d:\Projects\QR_Based_VMS\backend\node_modules\pg-pool\index.js:45:11
              at process.processTicksAndRejections (node:internal/process/task_queues:103:5)
              at async BoundPool.pool.query (d:\Projects\QR_Based_VMS\backend\src\db\pool.ts:32:20)
              at async ensureDatabaseConnection (d:\Projects\QR_Based_VMS\backend\src\db\pool.ts:69:7)
              at async bootstrap (d:\Projects\QR_Based_VMS\backend\src\index.ts:197:3)
      "aggregateErrors": [
        {
          "type": "Error",
          "message": "connect ECONNREFUSED ::1:5434",
          "stack":
              Error: connect ECONNREFUSED ::1:5434
                  at createConnectionError (node:net:1678:14)
                  at afterConnectMultiple (node:net:1708:16)
          "errno": -4078,
          "code": "ECONNREFUSED",
          "syscall": "connect",
          "address": "::1",
          "port": 5434
        },
        {
          "type": "Error",
          "message": "connect ECONNREFUSED 127.0.0.1:5434",
          "stack":
              Error: connect ECONNREFUSED 127.0.0.1:5434
                  at createConnectionError (node:net:1678:14)
                  at afterConnectMultiple (node:net:1708:16)
          "errno": -4078,
          "code": "ECONNREFUSED",
          "syscall": "connect",
          "address": "127.0.0.1",
          "port": 5434
        }
      ],
      "code": "ECONNREFUSED"
    }
[20:53:28.557] [31mERROR[39m: [36mDatabase query failed[39m
    [35mservice[39m: "ii-vms-backend"
    [35melapsedMs[39m: 4
    [35mquery[39m: "SELECT 1"
    err: {
      "type": "AggregateError",
      "message": "",
      "stack":
          AggregateError [ECONNREFUSED]: 
              at d:\Projects\QR_Based_VMS\backend\node_modules\pg-pool\index.js:45:11
              at process.processTicksAndRejections (node:internal/process/task_queues:103:5)
              at async BoundPool.pool.query (d:\Projects\QR_Based_VMS\backend\src\db\pool.ts:32:20)
              at async ensureDatabaseConnection (d:\Projects\QR_Based_VMS\backend\src\db\pool.ts:69:7)
              at async bootstrap (d:\Projects\QR_Based_VMS\backend\src\index.ts:197:3)
      "aggregateErrors": [
        {
          "type": "Error",
          "message": "connect ECONNREFUSED ::1:5434",
          "stack":
              Error: connect ECONNREFUSED ::1:5434
                  at createConnectionError (node:net:1678:14)
                  at afterConnectMultiple (node:net:1708:16)
          "errno": -4078,
          "code": "ECONNREFUSED",
          "syscall": "connect",
          "address": "::1",
          "port": 5434
        },
        {
          "type": "Error",
          "message": "connect ECONNREFUSED 127.0.0.1:5434",
          "stack":
              Error: connect ECONNREFUSED 127.0.0.1:5434
                  at createConnectionError (node:net:1678:14)
                  at afterConnectMultiple (node:net:1708:16)
          "errno": -4078,
          "code": "ECONNREFUSED",
          "syscall": "connect",
          "address": "127.0.0.1",
          "port": 5434
        }
      ],
      "code": "ECONNREFUSED"
    }
[20:53:28.558] [33mWARN[39m: [36mDatabase connection attempt 3/5 failed[39m
    [35mservice[39m: "ii-vms-backend"
    [35mattempt[39m: 3
    [35mretries[39m: 5
    err: {
      "type": "AggregateError",
      "message": "",
      "stack":
          AggregateError [ECONNREFUSED]: 
              at d:\Projects\QR_Based_VMS\backend\node_modules\pg-pool\index.js:45:11
              at process.processTicksAndRejections (node:internal/process/task_queues:103:5)
              at async BoundPool.pool.query (d:\Projects\QR_Based_VMS\backend\src\db\pool.ts:32:20)
              at async ensureDatabaseConnection (d:\Projects\QR_Based_VMS\backend\src\db\pool.ts:69:7)
              at async bootstrap (d:\Projects\QR_Based_VMS\backend\src\index.ts:197:3)
      "aggregateErrors": [
        {
          "type": "Error",
          "message": "connect ECONNREFUSED ::1:5434",
          "stack":
              Error: connect ECONNREFUSED ::1:5434
                  at createConnectionError (node:net:1678:14)
                  at afterConnectMultiple (node:net:1708:16)
          "errno": -4078,
          "code": "ECONNREFUSED",
          "syscall": "connect",
          "address": "::1",
          "port": 5434
        },
        {
          "type": "Error",
          "message": "connect ECONNREFUSED 127.0.0.1:5434",
          "stack":
              Error: connect ECONNREFUSED 127.0.0.1:5434
                  at createConnectionError (node:net:1678:14)
                  at afterConnectMultiple (node:net:1708:16)
          "errno": -4078,
          "code": "ECONNREFUSED",
          "syscall": "connect",
          "address": "127.0.0.1",
          "port": 5434
        }
      ],
      "code": "ECONNREFUSED"
    }
[20:53:30.567] [31mERROR[39m: [36mDatabase query failed[39m
    [35mservice[39m: "ii-vms-backend"
    [35melapsedMs[39m: 5
    [35mquery[39m: "SELECT 1"
    err: {
      "type": "AggregateError",
      "message": "",
      "stack":
          AggregateError [ECONNREFUSED]: 
              at d:\Projects\QR_Based_VMS\backend\node_modules\pg-pool\index.js:45:11
              at process.processTicksAndRejections (node:internal/process/task_queues:103:5)
              at async BoundPool.pool.query (d:\Projects\QR_Based_VMS\backend\src\db\pool.ts:32:20)
              at async ensureDatabaseConnection (d:\Projects\QR_Based_VMS\backend\src\db\pool.ts:69:7)
              at async bootstrap (d:\Projects\QR_Based_VMS\backend\src\index.ts:197:3)
      "aggregateErrors": [
        {
          "type": "Error",
          "message": "connect ECONNREFUSED ::1:5434",
          "stack":
              Error: connect ECONNREFUSED ::1:5434
                  at createConnectionError (node:net:1678:14)
                  at afterConnectMultiple (node:net:1708:16)
          "errno": -4078,
          "code": "ECONNREFUSED",
          "syscall": "connect",
          "address": "::1",
          "port": 5434
        },
        {
          "type": "Error",
          "message": "connect ECONNREFUSED 127.0.0.1:5434",
          "stack":
              Error: connect ECONNREFUSED 127.0.0.1:5434
                  at createConnectionError (node:net:1678:14)
                  at afterConnectMultiple (node:net:1708:16)
          "errno": -4078,
          "code": "ECONNREFUSED",
          "syscall": "connect",
          "address": "127.0.0.1",
          "port": 5434
        }
      ],
      "code": "ECONNREFUSED"
    }
[20:53:30.568] [33mWARN[39m: [36mDatabase connection attempt 4/5 failed[39m
    [35mservice[39m: "ii-vms-backend"
    [35mattempt[39m: 4
    [35mretries[39m: 5
    err: {
      "type": "AggregateError",
      "message": "",
      "stack":
          AggregateError [ECONNREFUSED]: 
              at d:\Projects\QR_Based_VMS\backend\node_modules\pg-pool\index.js:45:11
              at process.processTicksAndRejections (node:internal/process/task_queues:103:5)
              at async BoundPool.pool.query (d:\Projects\QR_Based_VMS\backend\src\db\pool.ts:32:20)
              at async ensureDatabaseConnection (d:\Projects\QR_Based_VMS\backend\src\db\pool.ts:69:7)
              at async bootstrap (d:\Projects\QR_Based_VMS\backend\src\index.ts:197:3)
      "aggregateErrors": [
        {
          "type": "Error",
          "message": "connect ECONNREFUSED ::1:5434",
          "stack":
              Error: connect ECONNREFUSED ::1:5434
                  at createConnectionError (node:net:1678:14)
                  at afterConnectMultiple (node:net:1708:16)
          "errno": -4078,
          "code": "ECONNREFUSED",
          "syscall": "connect",
          "address": "::1",
          "port": 5434
        },
        {
          "type": "Error",
          "message": "connect ECONNREFUSED 127.0.0.1:5434",
          "stack":
              Error: connect ECONNREFUSED 127.0.0.1:5434
                  at createConnectionError (node:net:1678:14)
                  at afterConnectMultiple (node:net:1708:16)
          "errno": -4078,
          "code": "ECONNREFUSED",
          "syscall": "connect",
          "address": "127.0.0.1",
          "port": 5434
        }
      ],
      "code": "ECONNREFUSED"
    }
[20:53:32.577] [31mERROR[39m: [36mDatabase query failed[39m
    [35mservice[39m: "ii-vms-backend"
    [35melapsedMs[39m: 6
    [35mquery[39m: "SELECT 1"
    err: {
      "type": "AggregateError",
      "message": "",
      "stack":
          AggregateError [ECONNREFUSED]: 
              at d:\Projects\QR_Based_VMS\backend\node_modules\pg-pool\index.js:45:11
              at process.processTicksAndRejections (node:internal/process/task_queues:103:5)
              at async BoundPool.pool.query (d:\Projects\QR_Based_VMS\backend\src\db\pool.ts:32:20)
              at async ensureDatabaseConnection (d:\Projects\QR_Based_VMS\backend\src\db\pool.ts:69:7)
              at async bootstrap (d:\Projects\QR_Based_VMS\backend\src\index.ts:197:3)
      "aggregateErrors": [
        {
          "type": "Error",
          "message": "connect ECONNREFUSED ::1:5434",
          "stack":
              Error: connect ECONNREFUSED ::1:5434
                  at createConnectionError (node:net:1678:14)
                  at afterConnectMultiple (node:net:1708:16)
          "errno": -4078,
          "code": "ECONNREFUSED",
          "syscall": "connect",
          "address": "::1",
          "port": 5434
        },
        {
          "type": "Error",
          "message": "connect ECONNREFUSED 127.0.0.1:5434",
          "stack":
              Error: connect ECONNREFUSED 127.0.0.1:5434
                  at createConnectionError (node:net:1678:14)
                  at afterConnectMultiple (node:net:1708:16)
          "errno": -4078,
          "code": "ECONNREFUSED",
          "syscall": "connect",
          "address": "127.0.0.1",
          "port": 5434
        }
      ],
      "code": "ECONNREFUSED"
    }
[20:53:32.578] [33mWARN[39m: [36mDatabase connection attempt 5/5 failed[39m
    [35mservice[39m: "ii-vms-backend"
    [35mattempt[39m: 5
    [35mretries[39m: 5
    err: {
      "type": "AggregateError",
      "message": "",
      "stack":
          AggregateError [ECONNREFUSED]: 
              at d:\Projects\QR_Based_VMS\backend\node_modules\pg-pool\index.js:45:11
              at process.processTicksAndRejections (node:internal/process/task_queues:103:5)
              at async BoundPool.pool.query (d:\Projects\QR_Based_VMS\backend\src\db\pool.ts:32:20)
              at async ensureDatabaseConnection (d:\Projects\QR_Based_VMS\backend\src\db\pool.ts:69:7)
              at async bootstrap (d:\Projects\QR_Based_VMS\backend\src\index.ts:197:3)
      "aggregateErrors": [
        {
          "type": "Error",
          "message": "connect ECONNREFUSED ::1:5434",
          "stack":
              Error: connect ECONNREFUSED ::1:5434
                  at createConnectionError (node:net:1678:14)
                  at afterConnectMultiple (node:net:1708:16)
          "errno": -4078,
          "code": "ECONNREFUSED",
          "syscall": "connect",
          "address": "::1",
          "port": 5434
        },
        {
          "type": "Error",
          "message": "connect ECONNREFUSED 127.0.0.1:5434",
          "stack":
              Error: connect ECONNREFUSED 127.0.0.1:5434
                  at createConnectionError (node:net:1678:14)
                  at afterConnectMultiple (node:net:1708:16)
          "errno": -4078,
          "code": "ECONNREFUSED",
          "syscall": "connect",
          "address": "127.0.0.1",
          "port": 5434
        }
      ],
      "code": "ECONNREFUSED"
    }
[20:53:32.578] [31mERROR[39m: [36mDatabase connection failed after all retries[39m
    [35mservice[39m: "ii-vms-backend"
    err: {
      "type": "AggregateError",
      "message": "",
      "stack":
          AggregateError [ECONNREFUSED]: 
              at d:\Projects\QR_Based_VMS\backend\node_modules\pg-pool\index.js:45:11
              at process.processTicksAndRejections (node:internal/process/task_queues:103:5)
              at async BoundPool.pool.query (d:\Projects\QR_Based_VMS\backend\src\db\pool.ts:32:20)
              at async ensureDatabaseConnection (d:\Projects\QR_Based_VMS\backend\src\db\pool.ts:69:7)
              at async bootstrap (d:\Projects\QR_Based_VMS\backend\src\index.ts:197:3)
      "aggregateErrors": [
        {
          "type": "Error",
          "message": "connect ECONNREFUSED ::1:5434",
          "stack":
              Error: connect ECONNREFUSED ::1:5434
                  at createConnectionError (node:net:1678:14)
                  at afterConnectMultiple (node:net:1708:16)
          "errno": -4078,
          "code": "ECONNREFUSED",
          "syscall": "connect",
          "address": "::1",
          "port": 5434
        },
        {
          "type": "Error",
          "message": "connect ECONNREFUSED 127.0.0.1:5434",
          "stack":
              Error: connect ECONNREFUSED 127.0.0.1:5434
                  at createConnectionError (node:net:1678:14)
                  at afterConnectMultiple (node:net:1708:16)
          "errno": -4078,
          "code": "ECONNREFUSED",
          "syscall": "connect",
          "address": "127.0.0.1",
          "port": 5434
        }
      ],
      "code": "ECONNREFUSED"
    }
[20:53:32.578] [41mFATAL[49m: [36mFailed to start server[39m
    [35mservice[39m: "ii-vms-backend"
    err: {
      "type": "AggregateError",
      "message": "",
      "stack":
          AggregateError [ECONNREFUSED]: 
              at d:\Projects\QR_Based_VMS\backend\node_modules\pg-pool\index.js:45:11
              at process.processTicksAndRejections (node:internal/process/task_queues:103:5)
              at async BoundPool.pool.query (d:\Projects\QR_Based_VMS\backend\src\db\pool.ts:32:20)
              at async ensureDatabaseConnection (d:\Projects\QR_Based_VMS\backend\src\db\pool.ts:69:7)
              at async bootstrap (d:\Projects\QR_Based_VMS\backend\src\index.ts:197:3)
      "aggregateErrors": [
        {
          "type": "Error",
          "message": "connect ECONNREFUSED ::1:5434",
          "stack":
              Error: connect ECONNREFUSED ::1:5434
                  at createConnectionError (node:net:1678:14)
                  at afterConnectMultiple (node:net:1708:16)
          "errno": -4078,
          "code": "ECONNREFUSED",
          "syscall": "connect",
          "address": "::1",
          "port": 5434
        },
        {
          "type": "Error",
          "message": "connect ECONNREFUSED 127.0.0.1:5434",
          "stack":
              Error: connect ECONNREFUSED 127.0.0.1:5434
                  at createConnectionError (node:net:1678:14)
                  at afterConnectMultiple (node:net:1708:16)
          "errno": -4078,
          "code": "ECONNREFUSED",
          "syscall": "connect",
          "address": "127.0.0.1",
          "port": 5434
        }
      ],
      "code": "ECONNREFUSED"
    }
